// Jest Snapshot v1, https://goo.gl/fbAQLP

exports[`<Question /> renders 1`] = `
initialize {
  "0": Object {
    "attribs": Object {},
    "children": Array [
      Object {
        "attribs": Object {},
        "children": Array [
          Object {
            "attribs": Object {
              "class": "question",
            },
            "children": Array [
              Object {
                "data": "val",
                "next": null,
                "parent": [Circular],
                "prev": null,
                "type": "text",
              },
            ],
            "name": "div",
            "next": Object {
              "attribs": Object {
                "style": "display:block;",
              },
              "children": Array [
                Object {
                  "attribs": Object {
                    "class": "answer",
                    "value": "2",
                  },
                  "children": Array [
                    Object {
                      "data": "opt1",
                      "next": null,
                      "parent": [Circular],
                      "prev": null,
                      "type": "text",
                    },
                  ],
                  "name": "button",
                  "next": null,
                  "parent": [Circular],
                  "prev": null,
                  "type": "tag",
                },
              ],
              "name": "span",
              "next": Object {
                "attribs": Object {
                  "style": "display:block;",
                },
                "children": Array [
                  Object {
                    "attribs": Object {
                      "class": "answer",
                      "value": "3",
                    },
                    "children": Array [
                      Object {
                        "data": "opt2",
                        "next": null,
                        "parent": [Circular],
                        "prev": null,
                        "type": "text",
                      },
                    ],
                    "name": "button",
                    "next": null,
                    "parent": [Circular],
                    "prev": null,
                    "type": "tag",
                  },
                ],
                "name": "span",
                "next": null,
                "parent": [Circular],
                "prev": [Circular],
                "type": "tag",
              },
              "parent": [Circular],
              "prev": [Circular],
              "type": "tag",
            },
            "parent": [Circular],
            "prev": null,
            "type": "tag",
          },
          Object {
            "attribs": Object {
              "style": "display:block;",
            },
            "children": Array [
              Object {
                "attribs": Object {
                  "class": "answer",
                  "value": "2",
                },
                "children": Array [
                  Object {
                    "data": "opt1",
                    "next": null,
                    "parent": [Circular],
                    "prev": null,
                    "type": "text",
                  },
                ],
                "name": "button",
                "next": null,
                "parent": [Circular],
                "prev": null,
                "type": "tag",
              },
            ],
            "name": "span",
            "next": Object {
              "attribs": Object {
                "style": "display:block;",
              },
              "children": Array [
                Object {
                  "attribs": Object {
                    "class": "answer",
                    "value": "3",
                  },
                  "children": Array [
                    Object {
                      "data": "opt2",
                      "next": null,
                      "parent": [Circular],
                      "prev": null,
                      "type": "text",
                    },
                  ],
                  "name": "button",
                  "next": null,
                  "parent": [Circular],
                  "prev": null,
                  "type": "tag",
                },
              ],
              "name": "span",
              "next": null,
              "parent": [Circular],
              "prev": [Circular],
              "type": "tag",
            },
            "parent": [Circular],
            "prev": Object {
              "attribs": Object {
                "class": "question",
              },
              "children": Array [
                Object {
                  "data": "val",
                  "next": null,
                  "parent": [Circular],
                  "prev": null,
                  "type": "text",
                },
              ],
              "name": "div",
              "next": [Circular],
              "parent": [Circular],
              "prev": null,
              "type": "tag",
            },
            "type": "tag",
          },
          Object {
            "attribs": Object {
              "style": "display:block;",
            },
            "children": Array [
              Object {
                "attribs": Object {
                  "class": "answer",
                  "value": "3",
                },
                "children": Array [
                  Object {
                    "data": "opt2",
                    "next": null,
                    "parent": [Circular],
                    "prev": null,
                    "type": "text",
                  },
                ],
                "name": "button",
                "next": null,
                "parent": [Circular],
                "prev": null,
                "type": "tag",
              },
            ],
            "name": "span",
            "next": null,
            "parent": [Circular],
            "prev": Object {
              "attribs": Object {
                "style": "display:block;",
              },
              "children": Array [
                Object {
                  "attribs": Object {
                    "class": "answer",
                    "value": "2",
                  },
                  "children": Array [
                    Object {
                      "data": "opt1",
                      "next": null,
                      "parent": [Circular],
                      "prev": null,
                      "type": "text",
                    },
                  ],
                  "name": "button",
                  "next": null,
                  "parent": [Circular],
                  "prev": null,
                  "type": "tag",
                },
              ],
              "name": "span",
              "next": [Circular],
              "parent": [Circular],
              "prev": Object {
                "attribs": Object {
                  "class": "question",
                },
                "children": Array [
                  Object {
                    "data": "val",
                    "next": null,
                    "parent": [Circular],
                    "prev": null,
                    "type": "text",
                  },
                ],
                "name": "div",
                "next": [Circular],
                "parent": [Circular],
                "prev": null,
                "type": "tag",
              },
              "type": "tag",
            },
            "type": "tag",
          },
        ],
        "name": "div",
        "next": null,
        "parent": null,
        "prev": null,
        "root": [Circular],
        "type": "tag",
      },
    ],
    "name": "root",
    "next": null,
    "parent": null,
    "prev": null,
    "type": "root",
  },
  "_root": [Circular],
  "length": 1,
  "options": Object {
    "decodeEntities": true,
    "normalizeWhitespace": false,
    "withDomLvl1": true,
    "xmlMode": false,
  },
}
`;
